// Jest Snapshot v1, https://goo.gl/fbAQLP

exports[`Header renders correctly 1`] = `
<div
  className="container mx-auto px-10 mb-4"
  id="header"
>
  <div
    className=" border-black w-full inline-block py-6 border-b-2"
  >
    <div
      className="md:float-left block"
    >
      <a
        href="/"
        onClick={[Function]}
        onMouseEnter={[Function]}
        onTouchStart={[Function]}
      >
        <span
          className="cursor-pointer font-bold text-4xl text-white inline-block"
        >
          ArtBlog
        </span>
      </a>
    </div>
    <div
      className="hidden md:float-left md:contents"
    />
  </div>
</div>
`;
